// Jest Snapshot v1, https://goo.gl/fbAQLP

exports[`<ActionTodos /> shallow action_todos renders without crashing 1`] = `
<Apollo(ActionTodos)
  clearCompleted={[Function]}
/>
`;
