// Jest Snapshot v1, https://goo.gl/fbAQLP

exports[`<AddTodo /> shallow add_todo renders without crashing 1`] = `
<AddTodo
  mutate={[Function]}
/>
`;
