// Jest Snapshot v1, https://goo.gl/fbAQLP

exports[`shallow todos renders without crashing 1`] = `
<QueryRecyclerProvider>
  <Apollo(Apollo(Apollo(Todos))) />
</QueryRecyclerProvider>
`;
